// Jest Snapshot v1, https://goo.gl/fbAQLP

exports[`Header component Matches the snapshot 1`] = `
<header
  className="header"
>
  <section
    className="logo"
  >
    <img
      alt=""
      src="tray-io.png"
    />
  </section>
  <h1>
    Joan Yassi
  </h1>
</header>
`;
