// Jest Snapshot v1, https://goo.gl/fbAQLP

exports[`UserPrivacy component Render Correctly 1`] = `
<section
  className="mainSection"
>
  <section
    className="formSection"
  >
    <h2>
      Privacy policy
    </h2>
    <section
      className="checkBoxes"
    >
      <article>
        <input
          name="isUpdate"
          type="checkbox"
        />
        <label>
          Receive updates about Tray.io products by email
        </label>
      </article>
      <article>
        <input
          name="isCommunication"
          type="checkbox"
        />
        <label>
          Receive Communication by email for other products created by the Tray.io team
        </label>
      </article>
    </section>
    <button
      className="btn btn-back"
      onClick={[Function]}
    >
      Back
    </button>
    <button
      className="btn"
      onClick={[Function]}
    >
      Continue
    </button>
  </section>
</section>
`;
